// Jest Snapshot v1, https://goo.gl/fbAQLP

exports[`dragSort ðŸ”¥ [dragSort] custom render function 1`] = `null`;

exports[`dragSort ðŸ”¥ [dragSort] custom render function 2`] = `null`;

exports[`dragSort ðŸ”¥ [dragSort] render drag sort custom handle by dragSortHandlerRender 1`] = `null`;

exports[`dragSort ðŸ”¥ [dragSort] render drag sort default handle by dragSortKey 1`] = `null`;
