// Jest Snapshot v1, https://goo.gl/fbAQLP

exports[`LightFilter  ðŸª• DateTimePicker 1`] = `"æ—¥æœŸæ—¶é—´: 2016-11-22 15:22:44"`;
