// Jest Snapshot v1, https://goo.gl/fbAQLP

exports[`Field ðŸ¥© base use 1`] = `
<span>
  CNÂ¥Â 100.00
</span>
`;
