// Jest Snapshot v1, https://goo.gl/fbAQLP

exports[`Field 🐴 base use 1`] = `
<DocumentFragment>
  <div
    class="ant-input-number"
  >
    <div
      class="ant-input-number-handler-wrap"
    >
      <span
        aria-disabled="false"
        aria-label="Increase Value"
        class="ant-input-number-handler ant-input-number-handler-up"
        role="button"
        unselectable="on"
      >
        <span
          aria-label="up"
          class="anticon anticon-up ant-input-number-handler-up-inner"
          role="img"
        >
          <svg
            aria-hidden="true"
            data-icon="up"
            fill="currentColor"
            focusable="false"
            height="1em"
            viewBox="64 64 896 896"
            width="1em"
          >
            <path
              d="M890.5 755.3L537.9 269.2c-12.8-17.6-39-17.6-51.7 0L133.5 755.3A8 8 0 00140 768h75c5.1 0 9.9-2.5 12.9-6.6L512 369.8l284.1 391.6c3 4.1 7.8 6.6 12.9 6.6h75c6.5 0 10.3-7.4 6.5-12.7z"
            />
          </svg>
        </span>
      </span>
      <span
        aria-disabled="false"
        aria-label="Decrease Value"
        class="ant-input-number-handler ant-input-number-handler-down"
        role="button"
        unselectable="on"
      >
        <span
          aria-label="down"
          class="anticon anticon-down ant-input-number-handler-down-inner"
          role="img"
        >
          <svg
            aria-hidden="true"
            data-icon="down"
            fill="currentColor"
            focusable="false"
            height="1em"
            viewBox="64 64 896 896"
            width="1em"
          >
            <path
              d="M884 256h-75c-5.1 0-9.9 2.5-12.9 6.6L512 654.2 227.9 262.6c-3-4.1-7.8-6.6-12.9-6.6h-75c-6.5 0-10.3 7.4-6.5 12.7l352.6 486.1c12.8 17.6 39 17.6 51.7 0l352.6-486.1c3.9-5.3.1-12.7-6.4-12.7z"
            />
          </svg>
        </span>
      </span>
    </div>
    <div
      class="ant-input-number-input-wrap"
    >
      <input
        autocomplete="off"
        class="ant-input-number-input"
        placeholder="请输入"
        role="spinbutton"
        step="1"
        value=""
      />
    </div>
  </div>
</DocumentFragment>
`;

exports[`Field 🐴 edit and no plain 1`] = `<DocumentFragment />`;

exports[`Field 🐴 edit and plain 1`] = `<DocumentFragment />`;

exports[`Field 🐴 money valueType is Object 1`] = `<DocumentFragment />`;

exports[`Field 🐴 money valueType is Object 2`] = `<DocumentFragment />`;

exports[`Field 🐴 money valueType is Object 3`] = `<DocumentFragment />`;

exports[`Field 🐴 money valueType is Object 4`] = `<DocumentFragment />`;

exports[`Field 🐴 money valueType is Object 5`] = `<DocumentFragment />`;

exports[`Field 🐴 money valueType is Object 6`] = `<DocumentFragment />`;

exports[`Field 🐴 money valueType is Object 7`] = `<DocumentFragment />`;

exports[`Field 🐴 money valueType is Object 8`] = `<DocumentFragment />`;

exports[`Field 🐴 money valueType is Object 9`] = `<DocumentFragment />`;

exports[`Field 🐴 money valueType is Object 10`] = `<DocumentFragment />`;

exports[`Field 🐴 money valueType is Object 11`] = `<DocumentFragment />`;

exports[`Field 🐴 money valueType is Object 12`] = `<DocumentFragment />`;

exports[`Field 🐴 options support dom list 1`] = `<DocumentFragment />`;

exports[`Field 🐴 options support dom text 1`] = `<DocumentFragment />`;

exports[`Field 🐴 options support empty dom 1`] = `<DocumentFragment />`;

exports[`Field 🐴 options support no text 1`] = `<DocumentFragment />`;

exports[`Field 🐴 options support one dom 1`] = `<DocumentFragment />`;

exports[`Field 🐴 percent support unit string 1`] = `<DocumentFragment />`;

exports[`Field 🐴 percent valueType is Object 1`] = `<DocumentFragment />`;

exports[`Field 🐴 percent=0 1`] = `
<DocumentFragment>
  <span
    style="color: rgb(89, 89, 89);"
  >
     0.00%
  </span>
</DocumentFragment>
`;

exports[`Field 🐴 progress support no number 1`] = `<DocumentFragment />`;

exports[`Field 🐴 progress support string number 1`] = `<DocumentFragment />`;

exports[`Field 🐴 read and plain 1`] = `<DocumentFragment />`;

exports[`Field 🐴 read ant no plain 1`] = `<DocumentFragment />`;
