// Vitest Snapshot v1, https://vitest.dev/guide/snapshot.html

exports[`Field Status > 游볼 Default render 1`] = `
<div>
  open
</div>
`;

exports[`Field Status > 游볼 Error render 1`] = `
<div>
  open
</div>
`;

exports[`Field Status > 游볼 Processing render 1`] = `
<div>
  open
</div>
`;

exports[`Field Status > 游볼 Success render 1`] = `
<div>
  open
</div>
`;

exports[`Field Status > 游볼 Warning render 1`] = `
<div>
  open
</div>
`;

exports[`Field Status > 游볼 default render 1`] = `
<div>
  open
</div>
`;

exports[`Field Status > 游볼 error render 1`] = `
<div>
  open
</div>
`;

exports[`Field Status > 游볼 processing render 1`] = `
<div>
  open
</div>
`;

exports[`Field Status > 游볼 red color render 1`] = `
<div>
  open
</div>
`;

exports[`Field Status > 游볼 success render 1`] = `
<div>
  open
</div>
`;

exports[`Field Status > 游볼 warning render 1`] = `
<div>
  open
</div>
`;
