// Jest Snapshot v1, https://goo.gl/fbAQLP

exports[`descriptions 🏊 ProDescriptions support order 1`] = `<DocumentFragment />`;
